The ``5-text_indentation`` module
======================

Using ``text_indentation``
-------------------

This is an example text file in reStructuredText format.  First import
``text_indentation`` from the ``5-text_indentation`` module:
>>> text_indentation = __import__('5-text_indentation').text_indentation

__________________________________________________________________________________
Module documentation test
>>> len(__import__("5-text_indentation").__doc__) > 0
True

__________________________________________________________________________________
Function documentation test
>>> len(__import__("5-text_indentation").text_indentation.__doc__) > 0
True

__________________________________________________________________________________
Invalid text format
>>> text_indentation(1.0)
Traceback (most recent call last):
    File "<stdin>", line 1, in ?
TypeError: text must be a string

__________________________________________________________________________________
Normal execution with an example
>>> text_indentation("""Lorem ipsum dolor sit amet, consectetur adipiscing elit. Quonam modo? Utrum igitur tibi litteram videor an totas paginas commovere? Non autem hoc: igitur ne illud quidem. Fortasse id optimum, sed ubi illud: Plus semper voluptatis? Teneo, inquit, finem illi videri nihil dolere. Transfer idem ad modestiam vel temperantiam, quae est moderatio cupiditatum rationi oboediens. Si id dicis, vicimus. Inde sermone vario sex illa a Dipylo stadia confecimus. Sin aliud quid voles, postea. Quae animi affectio suum cuique tribuens atque hanc, quam dico. Utinam quidem dicerent alium alio beatiorem! Iam ruinas videres""")
Lorem ipsum dolor sit amet, consectetur adipiscing elit.
<BLANKLINE>
Quonam modo?
<BLANKLINE>
Utrum igitur tibi litteram videor an totas paginas commovere?
<BLANKLINE>
Non autem hoc:
<BLANKLINE>
igitur ne illud quidem.
<BLANKLINE>
Fortasse id optimum, sed ubi illud:
<BLANKLINE>
Plus semper voluptatis?
<BLANKLINE>
Teneo, inquit, finem illi videri nihil dolere.
<BLANKLINE>
Transfer idem ad modestiam vel temperantiam, quae est moderatio cupiditatum rationi oboediens.
<BLANKLINE>
Si id dicis, vicimus.
<BLANKLINE>
Inde sermone vario sex illa a Dipylo stadia confecimus.
<BLANKLINE>
Sin aliud quid voles, postea.
<BLANKLINE>
Quae animi affectio suum cuique tribuens atque hanc, quam dico.
<BLANKLINE>
Utinam quidem dicerent alium alio beatiorem! Iam ruinas videres

__________________________________________________________________________________
Empty string
>>> text_indentation("")

__________________________________________________________________________________
Only spaces
>>> text_indentation("       ")

__________________________________________________________________________________
Space before
>>> text_indentation("       testststs?teststestest")
testststs?
<BLANKLINE>
teststestest

__________________________________________________________________________________
Space after
>>> text_indentation("testststs?teststestest       ")
testststs?
<BLANKLINE>
teststestest

__________________________________________________________________________________
Too many argument
>>> text_indentation("lorem ipsum", 3)
Traceback (most recent call last):
    ...
TypeError: text_indentation() takes 1 positional argument but 2 were given
